Teste para a função factorial
5 != 120
End of function!
